[
	[
		"Scene",
		88064090,
		-1653545306,
		"main",
		{
		},
		[
		],
		{
		}
	],
	[
		"Actor",
		449230393,
		88064090,
		"Ground",
		{
			"enabled": true,
			"static": false
		},
		[
		],
		{
			"Flags": 3
		}
	],
	[
		"Transform",
		306934423,
		449230393,
		"Transform",
		{
			"enabled": true,
			"position": {
				"Vector3":
				[
					0.000000,
					0.000000,
					0.000000
				]
			},
			"quaternion": {
				"Quaternion":
				[
					-0.707107,
					0.000000,
					0.000000,
					0.707107
				]
			},
			"rotation": {
				"Vector3":
				[
					-90.000000,
					0.000000,
					0.000000
				]
			},
			"scale": {
				"Vector3":
				[
					25.000000,
					25.000000,
					25.000000
				]
			}
		},
		[
		],
		{
		}
	],
	[
		"MeshRender",
		-1731128187,
		449230393,
		"MeshRender",
		{
			"enabled": true
		},
		[
		],
		{
			"Material": [
				"{99368ec6-32d6-4a1c-93a6-15573abeaf00}"
			],
			"Mesh": "{e394db15-d7a2-481c-8926-eb3bbcf0d21a}",
			"mesh": "{e394db15-d7a2-481c-8926-eb3bbcf0d21a}"
		}
	],
	[
		"Actor",
		-264269751,
		88064090,
		"Sun",
		{
			"enabled": true,
			"static": false
		},
		[
		],
		{
			"Flags": 3
		}
	],
	[
		"Transform",
		-1447513908,
		-264269751,
		"Transform",
		{
			"enabled": true,
			"position": {
				"Vector3":
				[
					-1.494494,
					1.897688,
					0.994897
				]
			},
			"quaternion": {
				"Quaternion":
				[
					-0.364966,
					-0.453887,
					-0.211018,
					0.785021
				]
			},
			"rotation": {
				"Vector3":
				[
					-49.868546,
					-60.071709,
					0.000000
				]
			},
			"scale": {
				"Vector3":
				[
					1.000000,
					1.000000,
					1.000000
				]
			}
		},
		[
		],
		{
		}
	],
	[
		"DirectLight",
		-1870782716,
		-264269751,
		"DirectLight",
		{
			"brightness": 1.000000,
			"castShadows": true,
			"color": {
				"Vector4":
				[
					1.000000,
					0.949020,
					0.827451,
					1.000000
				]
			},
			"enabled": true
		},
		[
		],
		{
		}
	],
	[
		"Actor",
		-1920582343,
		88064090,
		"Camera",
		{
			"enabled": true,
			"static": false
		},
		[
			[
				-1920582343,
				"1destroyed()",
				-577554428,
				"2onReferenceDestroyed()"
			]
		],
		{
			"Flags": 3
		}
	],
	[
		"Transform",
		1920680486,
		-1920582343,
		"Transform",
		{
			"enabled": true,
			"position": {
				"Vector3":
				[
					0.000000,
					9.263728,
					5.753308
				]
			},
			"quaternion": {
				"Quaternion":
				[
					-0.514787,
					0.000000,
					0.000000,
					0.857318
				]
			},
			"rotation": {
				"Vector3":
				[
					-61.966450,
					0.000000,
					0.000000
				]
			},
			"scale": {
				"Vector3":
				[
					1.000000,
					1.000000,
					1.000000
				]
			}
		},
		[
		],
		{
		}
	],
	[
		"Camera",
		1132012598,
		-1920582343,
		"Camera",
		{
			"backgroundColor": {
				"Vector4":
				[
					0.000000,
					0.000000,
					0.000000,
					0.000000
				]
			},
			"enabled": true,
			"far": 1000.000000,
			"focalDistance": 1.000000,
			"fov": 45.000000,
			"near": 0.100000,
			"orthographic": false,
			"ratio": 2.345257,
			"size": 1.000000
		},
		[
		],
		{
		}
	],
	[
		"AudioSource",
		723098317,
		-1920582343,
		"AudioSource",
		{
			"autoPlay": true,
			"enabled": true,
			"loop": true
		},
		[
		],
		{
			"Clip": "{16e0fc8b-9d90-4586-8195-e21367f84ab7}",
			"clip": "{16e0fc8b-9d90-4586-8195-e21367f84ab7}"
		}
	],
	[
		"Actor",
		1933320769,
		88064090,
		"GameMode",
		{
			"enabled": true,
			"static": false
		},
		[
		],
		{
			"Flags": 3
		}
	],
	[
		"Transform",
		455551146,
		1933320769,
		"Transform",
		{
			"enabled": true,
			"position": {
				"Vector3":
				[
					0.000000,
					0.000000,
					0.000000
				]
			},
			"quaternion": {
				"Quaternion":
				[
					0.000000,
					0.000000,
					0.000000,
					1.000000
				]
			},
			"rotation": {
				"Vector3":
				[
					0.000000,
					0.000000,
					0.000000
				]
			},
			"scale": {
				"Vector3":
				[
					1.000000,
					1.000000,
					1.000000
				]
			}
		},
		[
		],
		{
		}
	],
	[
		"AngelBehaviour",
		-577554428,
		1933320769,
		"GameMode",
		{
			"enabled": true,
			"script": "GameMode"
		},
		[
		],
		{
			"allyAmount": 4,
			"base_widget": -1354733792,
			"camera": -1920582343,
			"enemyAmount": 4,
			"game_info": -765503054,
			"timer": 10,
			"unitPrefab": "{b38a0dfe-ac0f-4734-af87-7d9c9878ecb8}",
			"widgetPrefab": "{2548d86f-6dd3-470d-8d0b-4a95a5e3e172}"
		}
	],
	[
		"Actor",
		-1354733792,
		88064090,
		"UI",
		{
			"enabled": true,
			"static": false
		},
		[
			[
				-1354733792,
				"1destroyed()",
				-577554428,
				"2onReferenceDestroyed()"
			]
		],
		{
			"Flags": 3
		}
	],
	[
		"RectTransform",
		1526820398,
		-1354733792,
		"RectTransform",
		{
			"boder": {
				"Vector4":
				[
					0.000000,
					0.000000,
					0.000000,
					0.000000
				]
			},
			"enabled": true,
			"margin": {
				"Vector4":
				[
					0.000000,
					0.000000,
					0.000000,
					0.000000
				]
			},
			"maxAnchors": {
				"Vector2":
				[
					0.500000,
					0.500000
				]
			},
			"minAnchors": {
				"Vector2":
				[
					0.500000,
					0.500000
				]
			},
			"padding": {
				"Vector4":
				[
					0.000000,
					0.000000,
					0.000000,
					0.000000
				]
			},
			"pivot": {
				"Vector2":
				[
					0.500000,
					0.500000
				]
			},
			"position": {
				"Vector3":
				[
					0.000000,
					0.000000,
					0.000000
				]
			},
			"quaternion": {
				"Quaternion":
				[
					0.000000,
					0.000000,
					0.000000,
					1.000000
				]
			},
			"rotation": {
				"Vector3":
				[
					0.000000,
					0.000000,
					0.000000
				]
			},
			"scale": {
				"Vector3":
				[
					1.000000,
					1.000000,
					1.000000
				]
			},
			"size": {
				"Vector2":
				[
					1508.000000,
					643.000000
				]
			}
		},
		[
		],
		{
		}
	],
	[
		"Widget",
		-1571907070,
		-1354733792,
		"Widget",
		{
			"enabled": true
		},
		[
		],
		{
		}
	],
	[
		"Actor",
		1609314555,
		-1354733792,
		"Background",
		{
			"enabled": true,
			"static": false
		},
		[
		],
		{
			"Flags": 3
		}
	],
	[
		"RectTransform",
		-904670432,
		1609314555,
		"RectTransform",
		{
			"boder": {
				"Vector4":
				[
					0.000000,
					0.000000,
					0.000000,
					0.000000
				]
			},
			"enabled": true,
			"margin": {
				"Vector4":
				[
					0.000000,
					0.000000,
					0.000000,
					0.000000
				]
			},
			"maxAnchors": {
				"Vector2":
				[
					0.500000,
					1.000000
				]
			},
			"minAnchors": {
				"Vector2":
				[
					0.500000,
					1.000000
				]
			},
			"padding": {
				"Vector4":
				[
					0.000000,
					0.000000,
					0.000000,
					0.000000
				]
			},
			"pivot": {
				"Vector2":
				[
					0.500000,
					0.500000
				]
			},
			"position": {
				"Vector3":
				[
					0.000000,
					-40.000000,
					0.000000
				]
			},
			"quaternion": {
				"Quaternion":
				[
					0.000000,
					0.000000,
					0.000000,
					1.000000
				]
			},
			"rotation": {
				"Vector3":
				[
					0.000000,
					0.000000,
					0.000000
				]
			},
			"scale": {
				"Vector3":
				[
					1.000000,
					1.000000,
					1.000000
				]
			},
			"size": {
				"Vector2":
				[
					400.000000,
					50.000000
				]
			}
		},
		[
		],
		{
		}
	],
	[
		"Image",
		1246930899,
		1609314555,
		"Image",
		{
			"color": {
				"Vector4":
				[
					1.000000,
					1.000000,
					1.000000,
					1.000000
				]
			},
			"drawMode": 1,
			"enabled": true,
			"item": "Rectangle"
		},
		[
		],
		{
			"BaseMap": "{00000000-0202-0000-0000-000000000000}",
			"Material": "{00000000-0401-0000-0000-000000000000}",
			"material": "{00000000-0401-0000-0000-000000000000}",
			"sprite": "{00000000-0202-0000-0000-000000000000}"
		}
	],
	[
		"Actor",
		-765503054,
		1609314555,
		"GameInfo",
		{
			"enabled": true,
			"static": false
		},
		[
			[
				-765503054,
				"1destroyed()",
				-577554428,
				"2onReferenceDestroyed()"
			]
		],
		{
			"Flags": 3
		}
	],
	[
		"RectTransform",
		1580496105,
		-765503054,
		"RectTransform",
		{
			"boder": {
				"Vector4":
				[
					0.000000,
					0.000000,
					0.000000,
					0.000000
				]
			},
			"enabled": true,
			"margin": {
				"Vector4":
				[
					0.000000,
					0.000000,
					0.000000,
					0.000000
				]
			},
			"maxAnchors": {
				"Vector2":
				[
					0.500000,
					1.000000
				]
			},
			"minAnchors": {
				"Vector2":
				[
					0.500000,
					1.000000
				]
			},
			"padding": {
				"Vector4":
				[
					0.000000,
					0.000000,
					0.000000,
					0.000000
				]
			},
			"pivot": {
				"Vector2":
				[
					0.500000,
					0.000000
				]
			},
			"position": {
				"Vector3":
				[
					0.000000,
					-25.000000,
					0.000000
				]
			},
			"quaternion": {
				"Quaternion":
				[
					0.000000,
					0.000000,
					0.000000,
					1.000000
				]
			},
			"rotation": {
				"Vector3":
				[
					0.000000,
					0.000000,
					0.000000
				]
			},
			"scale": {
				"Vector3":
				[
					1.000000,
					1.000000,
					1.000000
				]
			},
			"size": {
				"Vector2":
				[
					0.000000,
					0.000000
				]
			}
		},
		[
		],
		{
		}
	],
	[
		"Label",
		1031648888,
		-765503054,
		"Label",
		{
			"alignment": 34,
			"color": {
				"Vector4":
				[
					0.000000,
					0.000000,
					0.000000,
					1.000000
				]
			},
			"enabled": true,
			"fontSize": 25,
			"kerning": true,
			"text": "Text 1234",
			"wordWrap": false
		},
		[
		],
		{
			"Font": "{00000000-0601-0000-0000-000000000000}",
			"font": "{00000000-0601-0000-0000-000000000000}"
		}
	],
	[
		"Actor",
		-1267700006,
		88064090,
		"ParticleRender",
		{
			"enabled": true,
			"static": false
		},
		[
		],
		{
			"Flags": 3
		}
	],
	[
		"Transform",
		-1994952661,
		-1267700006,
		"Transform",
		{
			"enabled": true,
			"position": {
				"Vector3":
				[
					0.000000,
					0.000000,
					0.000000
				]
			},
			"quaternion": {
				"Quaternion":
				[
					0.000000,
					0.000000,
					0.000000,
					1.000000
				]
			},
			"rotation": {
				"Vector3":
				[
					0.000000,
					0.000000,
					0.000000
				]
			},
			"scale": {
				"Vector3":
				[
					1.000000,
					1.000000,
					1.000000
				]
			}
		},
		[
		],
		{
		}
	],
	[
		"ParticleRender",
		110369691,
		-1267700006,
		"ParticleRender",
		{
			"enabled": true
		},
		[
		],
		{
			"effect": ""
		}
	]
]